==================================================
Nix Life OS PostgreSQL Backup Cleanup
==================================================
Backup Dir     : /u01/nix-life-os/backups/postgres
Retention Days : 14
Started        : Wed May 20 03:00:01 EEST 2026
==================================================
==================================================
Cleanup completed.
Finished: Wed May 20 03:00:01 EEST 2026
==================================================
==================================================
Nix Life OS PostgreSQL Backup Cleanup
==================================================
Backup Dir     : /u01/nix-life-os/backups/postgres
Retention Days : 14
Started        : Thu May 21 03:00:01 EEST 2026
==================================================
==================================================
Cleanup completed.
Finished: Thu May 21 03:00:01 EEST 2026
==================================================
==================================================
Nix Life OS PostgreSQL Backup Cleanup
==================================================
Backup Dir     : /u01/nix-life-os/backups/postgres
Retention Days : 14
Started        : Mon May 25 03:00:01 EEST 2026
==================================================
==================================================
Cleanup completed.
Finished: Mon May 25 03:00:01 EEST 2026
==================================================
==================================================
Nix Life OS PostgreSQL Backup Cleanup
==================================================
Backup Dir     : /u01/nix-life-os/backups/postgres
Retention Days : 14
Started        : Tue May 26 03:00:01 EEST 2026
==================================================
==================================================
Cleanup completed.
Finished: Tue May 26 03:00:01 EEST 2026
==================================================
==================================================
Nix Life OS PostgreSQL Backup Cleanup
==================================================
Backup Dir     : /u01/nix-life-os/backups/postgres
Retention Days : 14
Started        : Fri May 29 03:00:01 EEST 2026
==================================================
==================================================
Cleanup completed.
Finished: Fri May 29 03:00:01 EEST 2026
==================================================
==================================================
Nix Life OS PostgreSQL Backup Cleanup
==================================================
Backup Dir     : /u01/nix-life-os/backups/postgres
Retention Days : 14
Started        : Sat May 30 03:00:01 EEST 2026
==================================================
==================================================
Cleanup completed.
Finished: Sat May 30 03:00:01 EEST 2026
==================================================
==================================================
Nix Life OS PostgreSQL Backup Cleanup
==================================================
Backup Dir     : /u01/nix-life-os/backups/postgres
Retention Days : 14
Started        : Sun May 31 03:00:01 EEST 2026
==================================================
==================================================
Cleanup completed.
Finished: Sun May 31 03:00:01 EEST 2026
==================================================
==================================================
Nix Life OS PostgreSQL Backup Cleanup
==================================================
Backup Dir     : /u01/nix-life-os/backups/postgres
Retention Days : 14
Started        : Mon Jun  1 03:00:01 EEST 2026
==================================================
==================================================
Cleanup completed.
Finished: Mon Jun  1 03:00:01 EEST 2026
==================================================
