#14 /u01/nix-life-os/backend/vendor/laravel/framework/src/Illuminate/Console/Command.php(249): Symfony\\Component\\Console\\Command\\Command->run()
#15 /u01/nix-life-os/backend/vendor/symfony/console/Application.php(1117): Illuminate\\Console\\Command->run()
#16 /u01/nix-life-os/backend/vendor/symfony/console/Application.php(356): Symfony\\Component\\Console\\Application->doRunCommand()
#17 /u01/nix-life-os/backend/vendor/symfony/console/Application.php(195): Symfony\\Component\\Console\\Application->doRun()
#18 /u01/nix-life-os/backend/vendor/laravel/framework/src/Illuminate/Foundation/Console/Kernel.php(198): Symfony\\Component\\Console\\Application->run()
#19 /u01/nix-life-os/backend/vendor/laravel/framework/src/Illuminate/Foundation/Application.php(1235): Illuminate\\Foundation\\Console\\Kernel->handle()
#20 /u01/nix-life-os/backend/artisan(16): Illuminate\\Foundation\\Application->handleCommand()
#21 {main}, ?, 127.0.0.1, Symfony, 019e334b-2023-708c-8bd7-97b023bd5e92))"} 
[2026-05-17 00:17:01] production.ERROR: SQLSTATE[08006] [7] connection to server at "127.0.0.1", port 5445 failed: Connection refused
	Is the server running on that host and accepting TCP/IP connections? (Connection: pgsql, Host: 127.0.0.1, Port: 5445, Database: nixlifeos_db, SQL: select * from "notification_preferences" where "meal_reminders_enabled" = 1) {"exception":"[object] (Illuminate\\Database\\QueryException(code: 7): SQLSTATE[08006] [7] connection to server at \"127.0.0.1\", port 5445 failed: Connection refused
\tIs the server running on that host and accepting TCP/IP connections? (Connection: pgsql, Host: 127.0.0.1, Port: 5445, Database: nixlifeos_db, SQL: select * from \"notification_preferences\" where \"meal_reminders_enabled\" = 1) at /u01/nix-life-os/backend/vendor/laravel/framework/src/Illuminate/Database/Connection.php:841)
[stacktrace]
#0 /u01/nix-life-os/backend/vendor/laravel/framework/src/Illuminate/Database/Connection.php(797): Illuminate\\Database\\Connection->runQueryCallback()
#1 /u01/nix-life-os/backend/vendor/laravel/framework/src/Illuminate/Database/Connection.php(412): Illuminate\\Database\\Connection->run()
#2 /u01/nix-life-os/backend/vendor/laravel/framework/src/Illuminate/Database/Query/Builder.php(3562): Illuminate\\Database\\Connection->select()
#3 /u01/nix-life-os/backend/vendor/laravel/framework/src/Illuminate/Database/Query/Builder.php(3546): Illuminate\\Database\\Query\\Builder->runSelect()
#4 /u01/nix-life-os/backend/vendor/laravel/framework/src/Illuminate/Database/Eloquent/Builder.php(907): Illuminate\\Database\\Query\\Builder->get()
#5 /u01/nix-life-os/backend/vendor/laravel/framework/src/Illuminate/Database/Eloquent/Builder.php(889): Illuminate\\Database\\Eloquent\\Builder->getModels()
#6 /u01/nix-life-os/backend/app/Console/Commands/GenerateMealReminders.php(20): Illuminate\\Database\\Eloquent\\Builder->get()
#7 /u01/nix-life-os/backend/vendor/laravel/framework/src/Illuminate/Container/BoundMethod.php(36): App\\Console\\Commands\\GenerateMealReminders->handle()
#8 /u01/nix-life-os/backend/vendor/laravel/framework/src/Illuminate/Container/Util.php(43): Illuminate\\Container\\BoundMethod::Illuminate\\Container\\{closure}()
#9 /u01/nix-life-os/backend/vendor/laravel/framework/src/Illuminate/Container/BoundMethod.php(96): Illuminate\\Container\\Util::unwrapIfClosure()
#10 /u01/nix-life-os/backend/vendor/laravel/framework/src/Illuminate/Container/BoundMethod.php(35): Illuminate\\Container\\BoundMethod::callBoundMethod()
#11 /u01/nix-life-os/backend/vendor/laravel/framework/src/Illuminate/Container/Container.php(799): Illuminate\\Container\\BoundMethod::call()
#12 /u01/nix-life-os/backend/vendor/laravel/framework/src/Illuminate/Console/Command.php(280): Illuminate\\Container\\Container->call()
#13 /u01/nix-life-os/backend/vendor/symfony/console/Command/Command.php(341): Illuminate\\Console\\Command->execute()
#14 /u01/nix-life-os/backend/vendor/laravel/framework/src/Illuminate/Console/Command.php(249): Symfony\\Component\\Console\\Command\\Command->run()
#15 /u01/nix-life-os/backend/vendor/symfony/console/Application.php(1117): Illuminate\\Console\\Command->run()
#16 /u01/nix-life-os/backend/vendor/symfony/console/Application.php(356): Symfony\\Component\\Console\\Application->doRunCommand()
#17 /u01/nix-life-os/backend/vendor/symfony/console/Application.php(195): Symfony\\Component\\Console\\Application->doRun()
#18 /u01/nix-life-os/backend/vendor/laravel/framework/src/Illuminate/Foundation/Console/Kernel.php(198): Symfony\\Component\\Console\\Application->run()
#19 /u01/nix-life-os/backend/vendor/laravel/framework/src/Illuminate/Foundation/Application.php(1235): Illuminate\\Foundation\\Console\\Kernel->handle()
#20 /u01/nix-life-os/backend/artisan(16): Illuminate\\Foundation\\Application->handleCommand()
#21 {main}

[previous exception] [object] (PDOException(code: 7): SQLSTATE[08006] [7] connection to server at \"127.0.0.1\", port 5445 failed: Connection refused
\tIs the server running on that host and accepting TCP/IP connections? at /u01/nix-life-os/backend/vendor/laravel/framework/src/Illuminate/Database/Connectors/Connector.php:66)
[stacktrace]
#0 /u01/nix-life-os/backend/vendor/laravel/framework/src/Illuminate/Database/Connectors/Connector.php(66): PDO->__construct()
#1 /u01/nix-life-os/backend/vendor/laravel/framework/src/Illuminate/Database/Connectors/Connector.php(44): Illuminate\\Database\\Connectors\\Connector->createPdoConnection()
#2 /u01/nix-life-os/backend/vendor/laravel/framework/src/Illuminate/Database/Connectors/PostgresConnector.php(35): Illuminate\\Database\\Connectors\\Connector->createConnection()
#3 /u01/nix-life-os/backend/vendor/laravel/framework/src/Illuminate/Database/Connectors/ConnectionFactory.php(186): Illuminate\\Database\\Connectors\\PostgresConnector->connect()
#4 [internal function]: Illuminate\\Database\\Connectors\\ConnectionFactory->Illuminate\\Database\\Connectors\\{closure}()
#5 /u01/nix-life-os/backend/vendor/laravel/framework/src/Illuminate/Database/Connection.php(1279): call_user_func()
#6 /u01/nix-life-os/backend/vendor/laravel/framework/src/Illuminate/Database/Connection.php(1317): Illuminate\\Database\\Connection->getPdo()
#7 /u01/nix-life-os/backend/vendor/laravel/framework/src/Illuminate/Database/Connection.php(528): Illuminate\\Database\\Connection->getReadPdo()
#8 /u01/nix-life-os/backend/vendor/laravel/framework/src/Illuminate/Database/Connection.php(421): Illuminate\\Database\\Connection->getPdoForSelect()
#9 /u01/nix-life-os/backend/vendor/laravel/framework/src/Illuminate/Database/Connection.php(830): Illuminate\\Database\\Connection->Illuminate\\Database\\{closure}()
#10 /u01/nix-life-os/backend/vendor/laravel/framework/src/Illuminate/Database/Connection.php(797): Illuminate\\Database\\Connection->runQueryCallback()
#11 /u01/nix-life-os/backend/vendor/laravel/framework/src/Illuminate/Database/Connection.php(412): Illuminate\\Database\\Connection->run()
#12 /u01/nix-life-os/backend/vendor/laravel/framework/src/Illuminate/Database/Query/Builder.php(3562): Illuminate\\Database\\Connection->select()
#13 /u01/nix-life-os/backend/vendor/laravel/framework/src/Illuminate/Database/Query/Builder.php(3546): Illuminate\\Database\\Query\\Builder->runSelect()
#14 /u01/nix-life-os/backend/vendor/laravel/framework/src/Illuminate/Database/Eloquent/Builder.php(907): Illuminate\\Database\\Query\\Builder->get()
#15 /u01/nix-life-os/backend/vendor/laravel/framework/src/Illuminate/Database/Eloquent/Builder.php(889): Illuminate\\Database\\Eloquent\\Builder->getModels()
#16 /u01/nix-life-os/backend/app/Console/Commands/GenerateMealReminders.php(20): Illuminate\\Database\\Eloquent\\Builder->get()
#17 /u01/nix-life-os/backend/vendor/laravel/framework/src/Illuminate/Container/BoundMethod.php(36): App\\Console\\Commands\\GenerateMealReminders->handle()
#18 /u01/nix-life-os/backend/vendor/laravel/framework/src/Illuminate/Container/Util.php(43): Illuminate\\Container\\BoundMethod::Illuminate\\Container\\{closure}()
#19 /u01/nix-life-os/backend/vendor/laravel/framework/src/Illuminate/Container/BoundMethod.php(96): Illuminate\\Container\\Util::unwrapIfClosure()
#20 /u01/nix-life-os/backend/vendor/laravel/framework/src/Illuminate/Container/BoundMethod.php(35): Illuminate\\Container\\BoundMethod::callBoundMethod()
#21 /u01/nix-life-os/backend/vendor/laravel/framework/src/Illuminate/Container/Container.php(799): Illuminate\\Container\\BoundMethod::call()
#22 /u01/nix-life-os/backend/vendor/laravel/framework/src/Illuminate/Console/Command.php(280): Illuminate\\Container\\Container->call()
#23 /u01/nix-life-os/backend/vendor/symfony/console/Command/Command.php(341): Illuminate\\Console\\Command->execute()
#24 /u01/nix-life-os/backend/vendor/laravel/framework/src/Illuminate/Console/Command.php(249): Symfony\\Component\\Console\\Command\\Command->run()
#25 /u01/nix-life-os/backend/vendor/symfony/console/Application.php(1117): Illuminate\\Console\\Command->run()
#26 /u01/nix-life-os/backend/vendor/symfony/console/Application.php(356): Symfony\\Component\\Console\\Application->doRunCommand()
#27 /u01/nix-life-os/backend/vendor/symfony/console/Application.php(195): Symfony\\Component\\Console\\Application->doRun()
#28 /u01/nix-life-os/backend/vendor/laravel/framework/src/Illuminate/Foundation/Console/Kernel.php(198): Symfony\\Component\\Console\\Application->run()
#29 /u01/nix-life-os/backend/vendor/laravel/framework/src/Illuminate/Foundation/Application.php(1235): Illuminate\\Foundation\\Console\\Kernel->handle()
#30 /u01/nix-life-os/backend/artisan(16): Illuminate\\Foundation\\Application->handleCommand()
#31 {main}
"} 
[2026-05-17 00:17:02] production.ERROR: Error logging failed {"message":"SQLSTATE[08006] [7] connection to server at \"127.0.0.1\", port 5445 failed: Connection refused
\tIs the server running on that host and accepting TCP/IP connections? (Connection: pgsql, Host: 127.0.0.1, Port: 5445, Database: nixlifeos_db, SQL: insert into \"error_logs\" (\"user_id\", \"level\", \"module\", \"exception_class\", \"message\", \"file\", \"line\", \"request_method\", \"request_url\", \"request_payload\", \"trace\", \"metadata\", \"ip_address\", \"user_agent\", \"id\") values (?, error, global_exception_handler, Exception, Scheduled command ['/usr/bin/php8.3' 'artisan' notifications:meal-reminders] failed with exit code [1]., /u01/nix-life-os/backend/vendor/laravel/framework/src/Illuminate/Console/Scheduling/ScheduleRunCommand.php, 215, GET, http://localhost, [], #0 /u01/nix-life-os/backend/vendor/laravel/framework/src/Illuminate/Console/View/Components/Task.php(43): Illuminate\\Console\\Scheduling\\ScheduleRunCommand->Illuminate\\Console\\Scheduling\\{closure}()
#1 /u01/nix-life-os/backend/vendor/laravel/framework/src/Illuminate/Console/View/Components/Factory.php(59): Illuminate\\Console\\View\\Components\\Task->render()
#2 /u01/nix-life-os/backend/vendor/laravel/framework/src/Illuminate/Console/Scheduling/ScheduleRunCommand.php(199): Illuminate\\Console\\View\\Components\\Factory->__call()
#3 /u01/nix-life-os/backend/vendor/laravel/framework/src/Illuminate/Console/Scheduling/ScheduleRunCommand.php(142): Illuminate\\Console\\Scheduling\\ScheduleRunCommand->runEvent()
#4 /u01/nix-life-os/backend/vendor/laravel/framework/src/Illuminate/Container/BoundMethod.php(36): Illuminate\\Console\\Scheduling\\ScheduleRunCommand->handle()
#5 /u01/nix-life-os/backend/vendor/laravel/framework/src/Illuminate/Container/Util.php(43): Illuminate\\Container\\BoundMethod::Illuminate\\Container\\{closure}()
#6 /u01/nix-life-os/backend/vendor/laravel/framework/src/Illuminate/Container/BoundMethod.php(96): Illuminate\\Container\\Util::unwrapIfClosure()
#7 /u01/nix-life-os/backend/vendor/laravel/framework/src/Illuminate/Container/BoundMethod.php(35): Illuminate\\Container\\BoundMethod::callBoundMethod()
#8 /u01/nix-life-os/backend/vendor/laravel/framework/src/Illuminate/Container/Container.php(799): Illuminate\\Container\\BoundMethod::call()
#9 /u01/nix-life-os/backend/vendor/laravel/framework/src/Illuminate/Console/Command.php(280): Illuminate\\Container\\Container->call()
#10 /u01/nix-life-os/backend/vendor/symfony/console/Command/Command.php(341): Illuminate\\Console\\Command->execute()
#11 /u01/nix-life-os/backend/vendor/laravel/framework/src/Illuminate/Console/Command.php(249): Symfony\\Component\\Console\\Command\\Command->run()
#12 /u01/nix-life-os/backend/vendor/symfony/console/Application.php(1117): Illuminate\\Console\\Command->run()
#13 /u01/nix-life-os/backend/vendor/symfony/console/Application.php(356): Symfony\\Component\\Console\\Application->doRunCommand()
#14 /u01/nix-life-os/backend/vendor/symfony/console/Application.php(195): Symfony\\Component\\Console\\Application->doRun()
#15 /u01/nix-life-os/backend/vendor/laravel/framework/src/Illuminate/Foundation/Console/Kernel.php(198): Symfony\\Component\\Console\\Application->run()
#16 /u01/nix-life-os/backend/vendor/laravel/framework/src/Illuminate/Foundation/Application.php(1235): Illuminate\\Foundation\\Console\\Kernel->handle()
#17 /u01/nix-life-os/backend/artisan(16): Illuminate\\Foundation\\Application->handleCommand()
#18 {main}, ?, 127.0.0.1, Symfony, 019e334b-2052-72b3-8a69-62ec5f467212))"} 
[2026-05-17 00:17:02] production.ERROR: Scheduled command ['/usr/bin/php8.3' 'artisan' notifications:meal-reminders] failed with exit code [1]. {"exception":"[object] (Exception(code: 0): Scheduled command ['/usr/bin/php8.3' 'artisan' notifications:meal-reminders] failed with exit code [1]. at /u01/nix-life-os/backend/vendor/laravel/framework/src/Illuminate/Console/Scheduling/ScheduleRunCommand.php:215)
[stacktrace]
#0 /u01/nix-life-os/backend/vendor/laravel/framework/src/Illuminate/Console/View/Components/Task.php(43): Illuminate\\Console\\Scheduling\\ScheduleRunCommand->Illuminate\\Console\\Scheduling\\{closure}()
#1 /u01/nix-life-os/backend/vendor/laravel/framework/src/Illuminate/Console/View/Components/Factory.php(59): Illuminate\\Console\\View\\Components\\Task->render()
#2 /u01/nix-life-os/backend/vendor/laravel/framework/src/Illuminate/Console/Scheduling/ScheduleRunCommand.php(199): Illuminate\\Console\\View\\Components\\Factory->__call()
#3 /u01/nix-life-os/backend/vendor/laravel/framework/src/Illuminate/Console/Scheduling/ScheduleRunCommand.php(142): Illuminate\\Console\\Scheduling\\ScheduleRunCommand->runEvent()
#4 /u01/nix-life-os/backend/vendor/laravel/framework/src/Illuminate/Container/BoundMethod.php(36): Illuminate\\Console\\Scheduling\\ScheduleRunCommand->handle()
#5 /u01/nix-life-os/backend/vendor/laravel/framework/src/Illuminate/Container/Util.php(43): Illuminate\\Container\\BoundMethod::Illuminate\\Container\\{closure}()
#6 /u01/nix-life-os/backend/vendor/laravel/framework/src/Illuminate/Container/BoundMethod.php(96): Illuminate\\Container\\Util::unwrapIfClosure()
#7 /u01/nix-life-os/backend/vendor/laravel/framework/src/Illuminate/Container/BoundMethod.php(35): Illuminate\\Container\\BoundMethod::callBoundMethod()
#8 /u01/nix-life-os/backend/vendor/laravel/framework/src/Illuminate/Container/Container.php(799): Illuminate\\Container\\BoundMethod::call()
#9 /u01/nix-life-os/backend/vendor/laravel/framework/src/Illuminate/Console/Command.php(280): Illuminate\\Container\\Container->call()
#10 /u01/nix-life-os/backend/vendor/symfony/console/Command/Command.php(341): Illuminate\\Console\\Command->execute()
#11 /u01/nix-life-os/backend/vendor/laravel/framework/src/Illuminate/Console/Command.php(249): Symfony\\Component\\Console\\Command\\Command->run()
#12 /u01/nix-life-os/backend/vendor/symfony/console/Application.php(1117): Illuminate\\Console\\Command->run()
#13 /u01/nix-life-os/backend/vendor/symfony/console/Application.php(356): Symfony\\Component\\Console\\Application->doRunCommand()
#14 /u01/nix-life-os/backend/vendor/symfony/console/Application.php(195): Symfony\\Component\\Console\\Application->doRun()
#15 /u01/nix-life-os/backend/vendor/laravel/framework/src/Illuminate/Foundation/Console/Kernel.php(198): Symfony\\Component\\Console\\Application->run()
#16 /u01/nix-life-os/backend/vendor/laravel/framework/src/Illuminate/Foundation/Application.php(1235): Illuminate\\Foundation\\Console\\Kernel->handle()
#17 /u01/nix-life-os/backend/artisan(16): Illuminate\\Foundation\\Application->handleCommand()
#18 {main}
"} 
[2026-05-17 00:17:02] production.ERROR: Error logging failed {"message":"SQLSTATE[08006] [7] connection to server at \"127.0.0.1\", port 5445 failed: Connection refused
\tIs the server running on that host and accepting TCP/IP connections? (Connection: pgsql, Host: 127.0.0.1, Port: 5445, Database: nixlifeos_db, SQL: insert into \"error_logs\" (\"user_id\", \"level\", \"module\", \"exception_class\", \"message\", \"file\", \"line\", \"request_method\", \"request_url\", \"request_payload\", \"trace\", \"metadata\", \"ip_address\", \"user_agent\", \"id\") values (?, error, global_exception_handler, Illuminate\\Database\\QueryException, SQLSTATE[08006] [7] connection to server at \"127.0.0.1\", port 5445 failed: Connection refused
\tIs the server running on that host and accepting TCP/IP connections? (Connection: pgsql, Host: 127.0.0.1, Port: 5445, Database: nixlifeos_db, SQL: select * from \"notification_preferences\" where \"weight_reminders_enabled\" = 1 and \"weight_reminder_time\" = 00:17), /u01/nix-life-os/backend/vendor/laravel/framework/src/Illuminate/Database/Connection.php, 841, GET, http://localhost, [], #0 /u01/nix-life-os/backend/vendor/laravel/framework/src/Illuminate/Database/Connection.php(797): Illuminate\\Database\\Connection->runQueryCallback()
#1 /u01/nix-life-os/backend/vendor/laravel/framework/src/Illuminate/Database/Connection.php(412): Illuminate\\Database\\Connection->run()
#2 /u01/nix-life-os/backend/vendor/laravel/framework/src/Illuminate/Database/Query/Builder.php(3562): Illuminate\\Database\\Connection->select()
#3 /u01/nix-life-os/backend/vendor/laravel/framework/src/Illuminate/Database/Query/Builder.php(3546): Illuminate\\Database\\Query\\Builder->runSelect()
#4 /u01/nix-life-os/backend/vendor/laravel/framework/src/Illuminate/Database/Eloquent/Builder.php(907): Illuminate\\Database\\Query\\Builder->get()
#5 /u01/nix-life-os/backend/vendor/laravel/framework/src/Illuminate/Database/Eloquent/Builder.php(889): Illuminate\\Database\\Eloquent\\Builder->getModels()
#6 /u01/nix-life-os/backend/app/Console/Commands/GenerateWeightReminders.php(22): Illuminate\\Database\\Eloquent\\Builder->get()
#7 /u01/nix-life-os/backend/vendor/laravel/framework/src/Illuminate/Container/BoundMethod.php(36): App\\Console\\Commands\\GenerateWeightReminders->handle()
#8 /u01/nix-life-os/backend/vendor/laravel/framework/src/Illuminate/Container/Util.php(43): Illuminate\\Container\\BoundMethod::Illuminate\\Container\\{closure}()
#9 /u01/nix-life-os/backend/vendor/laravel/framework/src/Illuminate/Container/BoundMethod.php(96): Illuminate\\Container\\Util::unwrapIfClosure()
#10 /u01/nix-life-os/backend/vendor/laravel/framework/src/Illuminate/Container/BoundMethod.php(35): Illuminate\\Container\\BoundMethod::callBoundMethod()
#11 /u01/nix-life-os/backend/vendor/laravel/framework/src/Illuminate/Container/Container.php(799): Illuminate\\Container\\BoundMethod::call()
#12 /u01/nix-life-os/backend/vendor/laravel/framework/src/Illuminate/Console/Command.php(280): Illuminate\\Container\\Container->call()
#13 /u01/nix-life-os/backend/vendor/symfony/console/Command/Command.php(341): Illuminate\\Console\\Command->execute()
#14 /u01/nix-life-os/backend/vendor/laravel/framework/src/Illuminate/Console/Command.php(249): Symfony\\Component\\Console\\Command\\Command->run()
#15 /u01/nix-life-os/backend/vendor/symfony/console/Application.php(1117): Illuminate\\Console\\Command->run()
#16 /u01/nix-life-os/backend/vendor/symfony/console/Application.php(356): Symfony\\Component\\Console\\Application->doRunCommand()
#17 /u01/nix-life-os/backend/vendor/symfony/console/Application.php(195): Symfony\\Component\\Console\\Application->doRun()
#18 /u01/nix-life-os/backend/vendor/laravel/framework/src/Illuminate/Foundation/Console/Kernel.php(198): Symfony\\Component\\Console\\Application->run()
#19 /u01/nix-life-os/backend/vendor/laravel/framework/src/Illuminate/Foundation/Application.php(1235): Illuminate\\Foundation\\Console\\Kernel->handle()
#20 /u01/nix-life-os/backend/artisan(16): Illuminate\\Foundation\\Application->handleCommand()
#21 {main}, ?, 127.0.0.1, Symfony, 019e334b-210b-7119-a916-6f7379474105))"} 
[2026-05-17 00:17:02] production.ERROR: SQLSTATE[08006] [7] connection to server at "127.0.0.1", port 5445 failed: Connection refused
	Is the server running on that host and accepting TCP/IP connections? (Connection: pgsql, Host: 127.0.0.1, Port: 5445, Database: nixlifeos_db, SQL: select * from "notification_preferences" where "weight_reminders_enabled" = 1 and "weight_reminder_time" = 00:17) {"exception":"[object] (Illuminate\\Database\\QueryException(code: 7): SQLSTATE[08006] [7] connection to server at \"127.0.0.1\", port 5445 failed: Connection refused
\tIs the server running on that host and accepting TCP/IP connections? (Connection: pgsql, Host: 127.0.0.1, Port: 5445, Database: nixlifeos_db, SQL: select * from \"notification_preferences\" where \"weight_reminders_enabled\" = 1 and \"weight_reminder_time\" = 00:17) at /u01/nix-life-os/backend/vendor/laravel/framework/src/Illuminate/Database/Connection.php:841)
[stacktrace]
#0 /u01/nix-life-os/backend/vendor/laravel/framework/src/Illuminate/Database/Connection.php(797): Illuminate\\Database\\Connection->runQueryCallback()
#1 /u01/nix-life-os/backend/vendor/laravel/framework/src/Illuminate/Database/Connection.php(412): Illuminate\\Database\\Connection->run()
#2 /u01/nix-life-os/backend/vendor/laravel/framework/src/Illuminate/Database/Query/Builder.php(3562): Illuminate\\Database\\Connection->select()
#3 /u01/nix-life-os/backend/vendor/laravel/framework/src/Illuminate/Database/Query/Builder.php(3546): Illuminate\\Database\\Query\\Builder->runSelect()
#4 /u01/nix-life-os/backend/vendor/laravel/framework/src/Illuminate/Database/Eloquent/Builder.php(907): Illuminate\\Database\\Query\\Builder->get()
#5 /u01/nix-life-os/backend/vendor/laravel/framework/src/Illuminate/Database/Eloquent/Builder.php(889): Illuminate\\Database\\Eloquent\\Builder->getModels()
#6 /u01/nix-life-os/backend/app/Console/Commands/GenerateWeightReminders.php(22): Illuminate\\Database\\Eloquent\\Builder->get()
#7 /u01/nix-life-os/backend/vendor/laravel/framework/src/Illuminate/Container/BoundMethod.php(36): App\\Console\\Commands\\GenerateWeightReminders->handle()
#8 /u01/nix-life-os/backend/vendor/laravel/framework/src/Illuminate/Container/Util.php(43): Illuminate\\Container\\BoundMethod::Illuminate\\Container\\{closure}()
#9 /u01/nix-life-os/backend/vendor/laravel/framework/src/Illuminate/Container/BoundMethod.php(96): Illuminate\\Container\\Util::unwrapIfClosure()
#10 /u01/nix-life-os/backend/vendor/laravel/framework/src/Illuminate/Container/BoundMethod.php(35): Illuminate\\Container\\BoundMethod::callBoundMethod()
#11 /u01/nix-life-os/backend/vendor/laravel/framework/src/Illuminate/Container/Container.php(799): Illuminate\\Container\\BoundMethod::call()
#12 /u01/nix-life-os/backend/vendor/laravel/framework/src/Illuminate/Console/Command.php(280): Illuminate\\Container\\Container->call()
#13 /u01/nix-life-os/backend/vendor/symfony/console/Command/Command.php(341): Illuminate\\Console\\Command->execute()
#14 /u01/nix-life-os/backend/vendor/laravel/framework/src/Illuminate/Console/Command.php(249): Symfony\\Component\\Console\\Command\\Command->run()
#15 /u01/nix-life-os/backend/vendor/symfony/console/Application.php(1117): Illuminate\\Console\\Command->run()
#16 /u01/nix-life-os/backend/vendor/symfony/console/Application.php(356): Symfony\\Component\\Console\\Application->doRunCommand()
#17 /u01/nix-life-os/backend/vendor/symfony/console/Application.php(195): Symfony\\Component\\Console\\Application->doRun()
#18 /u01/nix-life-os/backend/vendor/laravel/framework/src/Illuminate/Foundation/Console/Kernel.php(198): Symfony\\Component\\Console\\Application->run()
#19 /u01/nix-life-os/backend/vendor/laravel/framework/src/Illuminate/Foundation/Application.php(1235): Illuminate\\Foundation\\Console\\Kernel->handle()
#20 /u01/nix-life-os/backend/artisan(16): Illuminate\\Foundation\\Application->handleCommand()
#21 {main}

[previous exception] [object] (PDOException(code: 7): SQLSTATE[08006] [7] connection to server at \"127.0.0.1\", port 5445 failed: Connection refused
\tIs the server running on that host and accepting TCP/IP connections? at /u01/nix-life-os/backend/vendor/laravel/framework/src/Illuminate/Database/Connectors/Connector.php:66)
[stacktrace]
#0 /u01/nix-life-os/backend/vendor/laravel/framework/src/Illuminate/Database/Connectors/Connector.php(66): PDO->__construct()
#1 /u01/nix-life-os/backend/vendor/laravel/framework/src/Illuminate/Database/Connectors/Connector.php(44): Illuminate\\Database\\Connectors\\Connector->createPdoConnection()
#2 /u01/nix-life-os/backend/vendor/laravel/framework/src/Illuminate/Database/Connectors/PostgresConnector.php(35): Illuminate\\Database\\Connectors\\Connector->createConnection()
#3 /u01/nix-life-os/backend/vendor/laravel/framework/src/Illuminate/Database/Connectors/ConnectionFactory.php(186): Illuminate\\Database\\Connectors\\PostgresConnector->connect()
#4 [internal function]: Illuminate\\Database\\Connectors\\ConnectionFactory->Illuminate\\Database\\Connectors\\{closure}()
#5 /u01/nix-life-os/backend/vendor/laravel/framework/src/Illuminate/Database/Connection.php(1279): call_user_func()
#6 /u01/nix-life-os/backend/vendor/laravel/framework/src/Illuminate/Database/Connection.php(1317): Illuminate\\Database\\Connection->getPdo()
#7 /u01/nix-life-os/backend/vendor/laravel/framework/src/Illuminate/Database/Connection.php(528): Illuminate\\Database\\Connection->getReadPdo()
#8 /u01/nix-life-os/backend/vendor/laravel/framework/src/Illuminate/Database/Connection.php(421): Illuminate\\Database\\Connection->getPdoForSelect()
#9 /u01/nix-life-os/backend/vendor/laravel/framework/src/Illuminate/Database/Connection.php(830): Illuminate\\Database\\Connection->Illuminate\\Database\\{closure}()
#10 /u01/nix-life-os/backend/vendor/laravel/framework/src/Illuminate/Database/Connection.php(797): Illuminate\\Database\\Connection->runQueryCallback()
#11 /u01/nix-life-os/backend/vendor/laravel/framework/src/Illuminate/Database/Connection.php(412): Illuminate\\Database\\Connection->run()
#12 /u01/nix-life-os/backend/vendor/laravel/framework/src/Illuminate/Database/Query/Builder.php(3562): Illuminate\\Database\\Connection->select()
#13 /u01/nix-life-os/backend/vendor/laravel/framework/src/Illuminate/Database/Query/Builder.php(3546): Illuminate\\Database\\Query\\Builder->runSelect()
#14 /u01/nix-life-os/backend/vendor/laravel/framework/src/Illuminate/Database/Eloquent/Builder.php(907): Illuminate\\Database\\Query\\Builder->get()
#15 /u01/nix-life-os/backend/vendor/laravel/framework/src/Illuminate/Database/Eloquent/Builder.php(889): Illuminate\\Database\\Eloquent\\Builder->getModels()
#16 /u01/nix-life-os/backend/app/Console/Commands/GenerateWeightReminders.php(22): Illuminate\\Database\\Eloquent\\Builder->get()
#17 /u01/nix-life-os/backend/vendor/laravel/framework/src/Illuminate/Container/BoundMethod.php(36): App\\Console\\Commands\\GenerateWeightReminders->handle()
#18 /u01/nix-life-os/backend/vendor/laravel/framework/src/Illuminate/Container/Util.php(43): Illuminate\\Container\\BoundMethod::Illuminate\\Container\\{closure}()
#19 /u01/nix-life-os/backend/vendor/laravel/framework/src/Illuminate/Container/BoundMethod.php(96): Illuminate\\Container\\Util::unwrapIfClosure()
#20 /u01/nix-life-os/backend/vendor/laravel/framework/src/Illuminate/Container/BoundMethod.php(35): Illuminate\\Container\\BoundMethod::callBoundMethod()
#21 /u01/nix-life-os/backend/vendor/laravel/framework/src/Illuminate/Container/Container.php(799): Illuminate\\Container\\BoundMethod::call()
#22 /u01/nix-life-os/backend/vendor/laravel/framework/src/Illuminate/Console/Command.php(280): Illuminate\\Container\\Container->call()
#23 /u01/nix-life-os/backend/vendor/symfony/console/Command/Command.php(341): Illuminate\\Console\\Command->execute()
#24 /u01/nix-life-os/backend/vendor/laravel/framework/src/Illuminate/Console/Command.php(249): Symfony\\Component\\Console\\Command\\Command->run()
#25 /u01/nix-life-os/backend/vendor/symfony/console/Application.php(1117): Illuminate\\Console\\Command->run()
#26 /u01/nix-life-os/backend/vendor/symfony/console/Application.php(356): Symfony\\Component\\Console\\Application->doRunCommand()
#27 /u01/nix-life-os/backend/vendor/symfony/console/Application.php(195): Symfony\\Component\\Console\\Application->doRun()
#28 /u01/nix-life-os/backend/vendor/laravel/framework/src/Illuminate/Foundation/Console/Kernel.php(198): Symfony\\Component\\Console\\Application->run()
#29 /u01/nix-life-os/backend/vendor/laravel/framework/src/Illuminate/Foundation/Application.php(1235): Illuminate\\Foundation\\Console\\Kernel->handle()
#30 /u01/nix-life-os/backend/artisan(16): Illuminate\\Foundation\\Application->handleCommand()
#31 {main}
"} 
[2026-05-17 00:17:02] production.ERROR: Error logging failed {"message":"SQLSTATE[08006] [7] connection to server at \"127.0.0.1\", port 5445 failed: Connection refused
\tIs the server running on that host and accepting TCP/IP connections? (Connection: pgsql, Host: 127.0.0.1, Port: 5445, Database: nixlifeos_db, SQL: insert into \"error_logs\" (\"user_id\", \"level\", \"module\", \"exception_class\", \"message\", \"file\", \"line\", \"request_method\", \"request_url\", \"request_payload\", \"trace\", \"metadata\", \"ip_address\", \"user_agent\", \"id\") values (?, error, global_exception_handler, Exception, Scheduled command ['/usr/bin/php8.3' 'artisan' notifications:weight-reminders] failed with exit code [1]., /u01/nix-life-os/backend/vendor/laravel/framework/src/Illuminate/Console/Scheduling/ScheduleRunCommand.php, 215, GET, http://localhost, [], #0 /u01/nix-life-os/backend/vendor/laravel/framework/src/Illuminate/Console/View/Components/Task.php(43): Illuminate\\Console\\Scheduling\\ScheduleRunCommand->Illuminate\\Console\\Scheduling\\{closure}()
#1 /u01/nix-life-os/backend/vendor/laravel/framework/src/Illuminate/Console/View/Components/Factory.php(59): Illuminate\\Console\\View\\Components\\Task->render()
#2 /u01/nix-life-os/backend/vendor/laravel/framework/src/Illuminate/Console/Scheduling/ScheduleRunCommand.php(199): Illuminate\\Console\\View\\Components\\Factory->__call()
#3 /u01/nix-life-os/backend/vendor/laravel/framework/src/Illuminate/Console/Scheduling/ScheduleRunCommand.php(142): Illuminate\\Console\\Scheduling\\ScheduleRunCommand->runEvent()
#4 /u01/nix-life-os/backend/vendor/laravel/framework/src/Illuminate/Container/BoundMethod.php(36): Illuminate\\Console\\Scheduling\\ScheduleRunCommand->handle()
#5 /u01/nix-life-os/backend/vendor/laravel/framework/src/Illuminate/Container/Util.php(43): Illuminate\\Container\\BoundMethod::Illuminate\\Container\\{closure}()
#6 /u01/nix-life-os/backend/vendor/laravel/framework/src/Illuminate/Container/BoundMethod.php(96): Illuminate\\Container\\Util::unwrapIfClosure()
#7 /u01/nix-life-os/backend/vendor/laravel/framework/src/Illuminate/Container/BoundMethod.php(35): Illuminate\\Container\\BoundMethod::callBoundMethod()
#8 /u01/nix-life-os/backend/vendor/laravel/framework/src/Illuminate/Container/Container.php(799): Illuminate\\Container\\BoundMethod::call()
#9 /u01/nix-life-os/backend/vendor/laravel/framework/src/Illuminate/Console/Command.php(280): Illuminate\\Container\\Container->call()
#10 /u01/nix-life-os/backend/vendor/symfony/console/Command/Command.php(341): Illuminate\\Console\\Command->execute()
#11 /u01/nix-life-os/backend/vendor/laravel/framework/src/Illuminate/Console/Command.php(249): Symfony\\Component\\Console\\Command\\Command->run()
#12 /u01/nix-life-os/backend/vendor/symfony/console/Application.php(1117): Illuminate\\Console\\Command->run()
#13 /u01/nix-life-os/backend/vendor/symfony/console/Application.php(356): Symfony\\Component\\Console\\Application->doRunCommand()
#14 /u01/nix-life-os/backend/vendor/symfony/console/Application.php(195): Symfony\\Component\\Console\\Application->doRun()
#15 /u01/nix-life-os/backend/vendor/laravel/framework/src/Illuminate/Foundation/Console/Kernel.php(198): Symfony\\Component\\Console\\Application->run()
#16 /u01/nix-life-os/backend/vendor/laravel/framework/src/Illuminate/Foundation/Application.php(1235): Illuminate\\Foundation\\Console\\Kernel->handle()
#17 /u01/nix-life-os/backend/artisan(16): Illuminate\\Foundation\\Application->handleCommand()
#18 {main}, ?, 127.0.0.1, Symfony, 019e334b-2123-70d6-8cec-aff71173b3da))"} 
[2026-05-17 00:17:02] production.ERROR: Scheduled command ['/usr/bin/php8.3' 'artisan' notifications:weight-reminders] failed with exit code [1]. {"exception":"[object] (Exception(code: 0): Scheduled command ['/usr/bin/php8.3' 'artisan' notifications:weight-reminders] failed with exit code [1]. at /u01/nix-life-os/backend/vendor/laravel/framework/src/Illuminate/Console/Scheduling/ScheduleRunCommand.php:215)
[stacktrace]
#0 /u01/nix-life-os/backend/vendor/laravel/framework/src/Illuminate/Console/View/Components/Task.php(43): Illuminate\\Console\\Scheduling\\ScheduleRunCommand->Illuminate\\Console\\Scheduling\\{closure}()
#1 /u01/nix-life-os/backend/vendor/laravel/framework/src/Illuminate/Console/View/Components/Factory.php(59): Illuminate\\Console\\View\\Components\\Task->render()
#2 /u01/nix-life-os/backend/vendor/laravel/framework/src/Illuminate/Console/Scheduling/ScheduleRunCommand.php(199): Illuminate\\Console\\View\\Components\\Factory->__call()
#3 /u01/nix-life-os/backend/vendor/laravel/framework/src/Illuminate/Console/Scheduling/ScheduleRunCommand.php(142): Illuminate\\Console\\Scheduling\\ScheduleRunCommand->runEvent()
#4 /u01/nix-life-os/backend/vendor/laravel/framework/src/Illuminate/Container/BoundMethod.php(36): Illuminate\\Console\\Scheduling\\ScheduleRunCommand->handle()
#5 /u01/nix-life-os/backend/vendor/laravel/framework/src/Illuminate/Container/Util.php(43): Illuminate\\Container\\BoundMethod::Illuminate\\Container\\{closure}()
#6 /u01/nix-life-os/backend/vendor/laravel/framework/src/Illuminate/Container/BoundMethod.php(96): Illuminate\\Container\\Util::unwrapIfClosure()
#7 /u01/nix-life-os/backend/vendor/laravel/framework/src/Illuminate/Container/BoundMethod.php(35): Illuminate\\Container\\BoundMethod::callBoundMethod()
#8 /u01/nix-life-os/backend/vendor/laravel/framework/src/Illuminate/Container/Container.php(799): Illuminate\\Container\\BoundMethod::call()
#9 /u01/nix-life-os/backend/vendor/laravel/framework/src/Illuminate/Console/Command.php(280): Illuminate\\Container\\Container->call()
#10 /u01/nix-life-os/backend/vendor/symfony/console/Command/Command.php(341): Illuminate\\Console\\Command->execute()
#11 /u01/nix-life-os/backend/vendor/laravel/framework/src/Illuminate/Console/Command.php(249): Symfony\\Component\\Console\\Command\\Command->run()
#12 /u01/nix-life-os/backend/vendor/symfony/console/Application.php(1117): Illuminate\\Console\\Command->run()
#13 /u01/nix-life-os/backend/vendor/symfony/console/Application.php(356): Symfony\\Component\\Console\\Application->doRunCommand()
#14 /u01/nix-life-os/backend/vendor/symfony/console/Application.php(195): Symfony\\Component\\Console\\Application->doRun()
#15 /u01/nix-life-os/backend/vendor/laravel/framework/src/Illuminate/Foundation/Console/Kernel.php(198): Symfony\\Component\\Console\\Application->run()
#16 /u01/nix-life-os/backend/vendor/laravel/framework/src/Illuminate/Foundation/Application.php(1235): Illuminate\\Foundation\\Console\\Kernel->handle()
#17 /u01/nix-life-os/backend/artisan(16): Illuminate\\Foundation\\Application->handleCommand()
#18 {main}
"} 
[2026-05-17 00:17:02] production.ERROR: Error logging failed {"message":"SQLSTATE[08006] [7] connection to server at \"127.0.0.1\", port 5445 failed: Connection refused
\tIs the server running on that host and accepting TCP/IP connections? (Connection: pgsql, Host: 127.0.0.1, Port: 5445, Database: nixlifeos_db, SQL: insert into \"error_logs\" (\"user_id\", \"level\", \"module\", \"exception_class\", \"message\", \"file\", \"line\", \"request_method\", \"request_url\", \"request_payload\", \"trace\", \"metadata\", \"ip_address\", \"user_agent\", \"id\") values (?, error, global_exception_handler, Illuminate\\Database\\QueryException, SQLSTATE[08006] [7] connection to server at \"127.0.0.1\", port 5445 failed: Connection refused
\tIs the server running on that host and accepting TCP/IP connections? (Connection: pgsql, Host: 127.0.0.1, Port: 5445, Database: nixlifeos_db, SQL: select * from \"notification_preferences\" where \"expense_reminders_enabled\" = 1 and \"expense_reminder_time\" = 00:17), /u01/nix-life-os/backend/vendor/laravel/framework/src/Illuminate/Database/Connection.php, 841, GET, http://localhost, [], #0 /u01/nix-life-os/backend/vendor/laravel/framework/src/Illuminate/Database/Connection.php(797): Illuminate\\Database\\Connection->runQueryCallback()
#1 /u01/nix-life-os/backend/vendor/laravel/framework/src/Illuminate/Database/Connection.php(412): Illuminate\\Database\\Connection->run()
#2 /u01/nix-life-os/backend/vendor/laravel/framework/src/Illuminate/Database/Query/Builder.php(3562): Illuminate\\Database\\Connection->select()
#3 /u01/nix-life-os/backend/vendor/laravel/framework/src/Illuminate/Database/Query/Builder.php(3546): Illuminate\\Database\\Query\\Builder->runSelect()
#4 /u01/nix-life-os/backend/vendor/laravel/framework/src/Illuminate/Database/Eloquent/Builder.php(907): Illuminate\\Database\\Query\\Builder->get()
#5 /u01/nix-life-os/backend/vendor/laravel/framework/src/Illuminate/Database/Eloquent/Builder.php(889): Illuminate\\Database\\Eloquent\\Builder->getModels()
#6 /u01/nix-life-os/backend/app/Console/Commands/GenerateExpenseReminders.php(22): Illuminate\\Database\\Eloquent\\Builder->get()
#7 /u01/nix-life-os/backend/vendor/laravel/framework/src/Illuminate/Container/BoundMethod.php(36): App\\Console\\Commands\\GenerateExpenseReminders->handle()
#8 /u01/nix-life-os/backend/vendor/laravel/framework/src/Illuminate/Container/Util.php(43): Illuminate\\Container\\BoundMethod::Illuminate\\Container\\{closure}()
#9 /u01/nix-life-os/backend/vendor/laravel/framework/src/Illuminate/Container/BoundMethod.php(96): Illuminate\\Container\\Util::unwrapIfClosure()
#10 /u01/nix-life-os/backend/vendor/laravel/framework/src/Illuminate/Container/BoundMethod.php(35): Illuminate\\Container\\BoundMethod::callBoundMethod()
#11 /u01/nix-life-os/backend/vendor/laravel/framework/src/Illuminate/Container/Container.php(799): Illuminate\\Container\\BoundMethod::call()
#12 /u01/nix-life-os/backend/vendor/laravel/framework/src/Illuminate/Console/Command.php(280): Illuminate\\Container\\Container->call()
#13 /u01/nix-life-os/backend/vendor/symfony/console/Command/Command.php(341): Illuminate\\Console\\Command->execute()
#14 /u01/nix-life-os/backend/vendor/laravel/framework/src/Illuminate/Console/Command.php(249): Symfony\\Component\\Console\\Command\\Command->run()
#15 /u01/nix-life-os/backend/vendor/symfony/console/Application.php(1117): Illuminate\\Console\\Command->run()
#16 /u01/nix-life-os/backend/vendor/symfony/console/Application.php(356): Symfony\\Component\\Console\\Application->doRunCommand()
#17 /u01/nix-life-os/backend/vendor/symfony/console/Application.php(195): Symfony\\Component\\Console\\Application->doRun()
#18 /u01/nix-life-os/backend/vendor/laravel/framework/src/Illuminate/Foundation/Console/Kernel.php(198): Symfony\\Component\\Console\\Application->run()
#19 /u01/nix-life-os/backend/vendor/laravel/framework/src/Illuminate/Foundation/Application.php(1235): Illuminate\\Foundation\\Console\\Kernel->handle()
#20 /u01/nix-life-os/backend/artisan(16): Illuminate\\Foundation\\Application->handleCommand()
#21 {main}, ?, 127.0.0.1, Symfony, 019e334b-21cd-7226-aed0-ef24ddc3d483))"} 
[2026-05-17 00:17:02] production.ERROR: SQLSTATE[08006] [7] connection to server at "127.0.0.1", port 5445 failed: Connection refused
	Is the server running on that host and accepting TCP/IP connections? (Connection: pgsql, Host: 127.0.0.1, Port: 5445, Database: nixlifeos_db, SQL: select * from "notification_preferences" where "expense_reminders_enabled" = 1 and "expense_reminder_time" = 00:17) {"exception":"[object] (Illuminate\\Database\\QueryException(code: 7): SQLSTATE[08006] [7] connection to server at \"127.0.0.1\", port 5445 failed: Connection refused
\tIs the server running on that host and accepting TCP/IP connections? (Connection: pgsql, Host: 127.0.0.1, Port: 5445, Database: nixlifeos_db, SQL: select * from \"notification_preferences\" where \"expense_reminders_enabled\" = 1 and \"expense_reminder_time\" = 00:17) at /u01/nix-life-os/backend/vendor/laravel/framework/src/Illuminate/Database/Connection.php:841)
[stacktrace]
#0 /u01/nix-life-os/backend/vendor/laravel/framework/src/Illuminate/Database/Connection.php(797): Illuminate\\Database\\Connection->runQueryCallback()
#1 /u01/nix-life-os/backend/vendor/laravel/framework/src/Illuminate/Database/Connection.php(412): Illuminate\\Database\\Connection->run()
#2 /u01/nix-life-os/backend/vendor/laravel/framework/src/Illuminate/Database/Query/Builder.php(3562): Illuminate\\Database\\Connection->select()
#3 /u01/nix-life-os/backend/vendor/laravel/framework/src/Illuminate/Database/Query/Builder.php(3546): Illuminate\\Database\\Query\\Builder->runSelect()
#4 /u01/nix-life-os/backend/vendor/laravel/framework/src/Illuminate/Database/Eloquent/Builder.php(907): Illuminate\\Database\\Query\\Builder->get()
#5 /u01/nix-life-os/backend/vendor/laravel/framework/src/Illuminate/Database/Eloquent/Builder.php(889): Illuminate\\Database\\Eloquent\\Builder->getModels()
#6 /u01/nix-life-os/backend/app/Console/Commands/GenerateExpenseReminders.php(22): Illuminate\\Database\\Eloquent\\Builder->get()
#7 /u01/nix-life-os/backend/vendor/laravel/framework/src/Illuminate/Container/BoundMethod.php(36): App\\Console\\Commands\\GenerateExpenseReminders->handle()
#8 /u01/nix-life-os/backend/vendor/laravel/framework/src/Illuminate/Container/Util.php(43): Illuminate\\Container\\BoundMethod::Illuminate\\Container\\{closure}()
#9 /u01/nix-life-os/backend/vendor/laravel/framework/src/Illuminate/Container/BoundMethod.php(96): Illuminate\\Container\\Util::unwrapIfClosure()
#10 /u01/nix-life-os/backend/vendor/laravel/framework/src/Illuminate/Container/BoundMethod.php(35): Illuminate\\Container\\BoundMethod::callBoundMethod()
#11 /u01/nix-life-os/backend/vendor/laravel/framework/src/Illuminate/Container/Container.php(799): Illuminate\\Container\\BoundMethod::call()
#12 /u01/nix-life-os/backend/vendor/laravel/framework/src/Illuminate/Console/Command.php(280): Illuminate\\Container\\Container->call()
#13 /u01/nix-life-os/backend/vendor/symfony/console/Command/Command.php(341): Illuminate\\Console\\Command->execute()
#14 /u01/nix-life-os/backend/vendor/laravel/framework/src/Illuminate/Console/Command.php(249): Symfony\\Component\\Console\\Command\\Command->run()
#15 /u01/nix-life-os/backend/vendor/symfony/console/Application.php(1117): Illuminate\\Console\\Command->run()
#16 /u01/nix-life-os/backend/vendor/symfony/console/Application.php(356): Symfony\\Component\\Console\\Application->doRunCommand()
#17 /u01/nix-life-os/backend/vendor/symfony/console/Application.php(195): Symfony\\Component\\Console\\Application->doRun()
#18 /u01/nix-life-os/backend/vendor/laravel/framework/src/Illuminate/Foundation/Console/Kernel.php(198): Symfony\\Component\\Console\\Application->run()
#19 /u01/nix-life-os/backend/vendor/laravel/framework/src/Illuminate/Foundation/Application.php(1235): Illuminate\\Foundation\\Console\\Kernel->handle()
#20 /u01/nix-life-os/backend/artisan(16): Illuminate\\Foundation\\Application->handleCommand()
#21 {main}

[previous exception] [object] (PDOException(code: 7): SQLSTATE[08006] [7] connection to server at \"127.0.0.1\", port 5445 failed: Connection refused
\tIs the server running on that host and accepting TCP/IP connections? at /u01/nix-life-os/backend/vendor/laravel/framework/src/Illuminate/Database/Connectors/Connector.php:66)
[stacktrace]
#0 /u01/nix-life-os/backend/vendor/laravel/framework/src/Illuminate/Database/Connectors/Connector.php(66): PDO->__construct()
#1 /u01/nix-life-os/backend/vendor/laravel/framework/src/Illuminate/Database/Connectors/Connector.php(44): Illuminate\\Database\\Connectors\\Connector->createPdoConnection()
#2 /u01/nix-life-os/backend/vendor/laravel/framework/src/Illuminate/Database/Connectors/PostgresConnector.php(35): Illuminate\\Database\\Connectors\\Connector->createConnection()
#3 /u01/nix-life-os/backend/vendor/laravel/framework/src/Illuminate/Database/Connectors/ConnectionFactory.php(186): Illuminate\\Database\\Connectors\\PostgresConnector->connect()
#4 [internal function]: Illuminate\\Database\\Connectors\\ConnectionFactory->Illuminate\\Database\\Connectors\\{closure}()
#5 /u01/nix-life-os/backend/vendor/laravel/framework/src/Illuminate/Database/Connection.php(1279): call_user_func()
#6 /u01/nix-life-os/backend/vendor/laravel/framework/src/Illuminate/Database/Connection.php(1317): Illuminate\\Database\\Connection->getPdo()
#7 /u01/nix-life-os/backend/vendor/laravel/framework/src/Illuminate/Database/Connection.php(528): Illuminate\\Database\\Connection->getReadPdo()
#8 /u01/nix-life-os/backend/vendor/laravel/framework/src/Illuminate/Database/Connection.php(421): Illuminate\\Database\\Connection->getPdoForSelect()
#9 /u01/nix-life-os/backend/vendor/laravel/framework/src/Illuminate/Database/Connection.php(830): Illuminate\\Database\\Connection->Illuminate\\Database\\{closure}()
#10 /u01/nix-life-os/backend/vendor/laravel/framework/src/Illuminate/Database/Connection.php(797): Illuminate\\Database\\Connection->runQueryCallback()
#11 /u01/nix-life-os/backend/vendor/laravel/framework/src/Illuminate/Database/Connection.php(412): Illuminate\\Database\\Connection->run()
#12 /u01/nix-life-os/backend/vendor/laravel/framework/src/Illuminate/Database/Query/Builder.php(3562): Illuminate\\Database\\Connection->select()
#13 /u01/nix-life-os/backend/vendor/laravel/framework/src/Illuminate/Database/Query/Builder.php(3546): Illuminate\\Database\\Query\\Builder->runSelect()
#14 /u01/nix-life-os/backend/vendor/laravel/framework/src/Illuminate/Database/Eloquent/Builder.php(907): Illuminate\\Database\\Query\\Builder->get()
#15 /u01/nix-life-os/backend/vendor/laravel/framework/src/Illuminate/Database/Eloquent/Builder.php(889): Illuminate\\Database\\Eloquent\\Builder->getModels()
#16 /u01/nix-life-os/backend/app/Console/Commands/GenerateExpenseReminders.php(22): Illuminate\\Database\\Eloquent\\Builder->get()
#17 /u01/nix-life-os/backend/vendor/laravel/framework/src/Illuminate/Container/BoundMethod.php(36): App\\Console\\Commands\\GenerateExpenseReminders->handle()
#18 /u01/nix-life-os/backend/vendor/laravel/framework/src/Illuminate/Container/Util.php(43): Illuminate\\Container\\BoundMethod::Illuminate\\Container\\{closure}()
#19 /u01/nix-life-os/backend/vendor/laravel/framework/src/Illuminate/Container/BoundMethod.php(96): Illuminate\\Container\\Util::unwrapIfClosure()
#20 /u01/nix-life-os/backend/vendor/laravel/framework/src/Illuminate/Container/BoundMethod.php(35): Illuminate\\Container\\BoundMethod::callBoundMethod()
#21 /u01/nix-life-os/backend/vendor/laravel/framework/src/Illuminate/Container/Container.php(799): Illuminate\\Container\\BoundMethod::call()
#22 /u01/nix-life-os/backend/vendor/laravel/framework/src/Illuminate/Console/Command.php(280): Illuminate\\Container\\Container->call()
#23 /u01/nix-life-os/backend/vendor/symfony/console/Command/Command.php(341): Illuminate\\Console\\Command->execute()
#24 /u01/nix-life-os/backend/vendor/laravel/framework/src/Illuminate/Console/Command.php(249): Symfony\\Component\\Console\\Command\\Command->run()
#25 /u01/nix-life-os/backend/vendor/symfony/console/Application.php(1117): Illuminate\\Console\\Command->run()
#26 /u01/nix-life-os/backend/vendor/symfony/console/Application.php(356): Symfony\\Component\\Console\\Application->doRunCommand()
#27 /u01/nix-life-os/backend/vendor/symfony/console/Application.php(195): Symfony\\Component\\Console\\Application->doRun()
#28 /u01/nix-life-os/backend/vendor/laravel/framework/src/Illuminate/Foundation/Console/Kernel.php(198): Symfony\\Component\\Console\\Application->run()
#29 /u01/nix-life-os/backend/vendor/laravel/framework/src/Illuminate/Foundation/Application.php(1235): Illuminate\\Foundation\\Console\\Kernel->handle()
#30 /u01/nix-life-os/backend/artisan(16): Illuminate\\Foundation\\Application->handleCommand()
#31 {main}
"} 
[2026-05-17 00:17:02] production.ERROR: Error logging failed {"message":"SQLSTATE[08006] [7] connection to server at \"127.0.0.1\", port 5445 failed: Connection refused
\tIs the server running on that host and accepting TCP/IP connections? (Connection: pgsql, Host: 127.0.0.1, Port: 5445, Database: nixlifeos_db, SQL: insert into \"error_logs\" (\"user_id\", \"level\", \"module\", \"exception_class\", \"message\", \"file\", \"line\", \"request_method\", \"request_url\", \"request_payload\", \"trace\", \"metadata\", \"ip_address\", \"user_agent\", \"id\") values (?, error, global_exception_handler, Exception, Scheduled command ['/usr/bin/php8.3' 'artisan' notifications:expense-reminders] failed with exit code [1]., /u01/nix-life-os/backend/vendor/laravel/framework/src/Illuminate/Console/Scheduling/ScheduleRunCommand.php, 215, GET, http://localhost, [], #0 /u01/nix-life-os/backend/vendor/laravel/framework/src/Illuminate/Console/View/Components/Task.php(43): Illuminate\\Console\\Scheduling\\ScheduleRunCommand->Illuminate\\Console\\Scheduling\\{closure}()
#1 /u01/nix-life-os/backend/vendor/laravel/framework/src/Illuminate/Console/View/Components/Factory.php(59): Illuminate\\Console\\View\\Components\\Task->render()
#2 /u01/nix-life-os/backend/vendor/laravel/framework/src/Illuminate/Console/Scheduling/ScheduleRunCommand.php(199): Illuminate\\Console\\View\\Components\\Factory->__call()
#3 /u01/nix-life-os/backend/vendor/laravel/framework/src/Illuminate/Console/Scheduling/ScheduleRunCommand.php(142): Illuminate\\Console\\Scheduling\\ScheduleRunCommand->runEvent()
#4 /u01/nix-life-os/backend/vendor/laravel/framework/src/Illuminate/Container/BoundMethod.php(36): Illuminate\\Console\\Scheduling\\ScheduleRunCommand->handle()
#5 /u01/nix-life-os/backend/vendor/laravel/framework/src/Illuminate/Container/Util.php(43): Illuminate\\Container\\BoundMethod::Illuminate\\Container\\{closure}()
#6 /u01/nix-life-os/backend/vendor/laravel/framework/src/Illuminate/Container/BoundMethod.php(96): Illuminate\\Container\\Util::unwrapIfClosure()
#7 /u01/nix-life-os/backend/vendor/laravel/framework/src/Illuminate/Container/BoundMethod.php(35): Illuminate\\Container\\BoundMethod::callBoundMethod()
#8 /u01/nix-life-os/backend/vendor/laravel/framework/src/Illuminate/Container/Container.php(799): Illuminate\\Container\\BoundMethod::call()
#9 /u01/nix-life-os/backend/vendor/laravel/framework/src/Illuminate/Console/Command.php(280): Illuminate\\Container\\Container->call()
#10 /u01/nix-life-os/backend/vendor/symfony/console/Command/Command.php(341): Illuminate\\Console\\Command->execute()
#11 /u01/nix-life-os/backend/vendor/laravel/framework/src/Illuminate/Console/Command.php(249): Symfony\\Component\\Console\\Command\\Command->run()
#12 /u01/nix-life-os/backend/vendor/symfony/console/Application.php(1117): Illuminate\\Console\\Command->run()
#13 /u01/nix-life-os/backend/vendor/symfony/console/Application.php(356): Symfony\\Component\\Console\\Application->doRunCommand()
#14 /u01/nix-life-os/backend/vendor/symfony/console/Application.php(195): Symfony\\Component\\Console\\Application->doRun()
#15 /u01/nix-life-os/backend/vendor/laravel/framework/src/Illuminate/Foundation/Console/Kernel.php(198): Symfony\\Component\\Console\\Application->run()
#16 /u01/nix-life-os/backend/vendor/laravel/framework/src/Illuminate/Foundation/Application.php(1235): Illuminate\\Foundation\\Console\\Kernel->handle()
#17 /u01/nix-life-os/backend/artisan(16): Illuminate\\Foundation\\Application->handleCommand()
#18 {main}, ?, 127.0.0.1, Symfony, 019e334b-21e3-7017-ae9c-38e9c94c08a9))"} 
[2026-05-17 00:17:02] production.ERROR: Scheduled command ['/usr/bin/php8.3' 'artisan' notifications:expense-reminders] failed with exit code [1]. {"exception":"[object] (Exception(code: 0): Scheduled command ['/usr/bin/php8.3' 'artisan' notifications:expense-reminders] failed with exit code [1]. at /u01/nix-life-os/backend/vendor/laravel/framework/src/Illuminate/Console/Scheduling/ScheduleRunCommand.php:215)
[stacktrace]
#0 /u01/nix-life-os/backend/vendor/laravel/framework/src/Illuminate/Console/View/Components/Task.php(43): Illuminate\\Console\\Scheduling\\ScheduleRunCommand->Illuminate\\Console\\Scheduling\\{closure}()
#1 /u01/nix-life-os/backend/vendor/laravel/framework/src/Illuminate/Console/View/Components/Factory.php(59): Illuminate\\Console\\View\\Components\\Task->render()
#2 /u01/nix-life-os/backend/vendor/laravel/framework/src/Illuminate/Console/Scheduling/ScheduleRunCommand.php(199): Illuminate\\Console\\View\\Components\\Factory->__call()
#3 /u01/nix-life-os/backend/vendor/laravel/framework/src/Illuminate/Console/Scheduling/ScheduleRunCommand.php(142): Illuminate\\Console\\Scheduling\\ScheduleRunCommand->runEvent()
#4 /u01/nix-life-os/backend/vendor/laravel/framework/src/Illuminate/Container/BoundMethod.php(36): Illuminate\\Console\\Scheduling\\ScheduleRunCommand->handle()
#5 /u01/nix-life-os/backend/vendor/laravel/framework/src/Illuminate/Container/Util.php(43): Illuminate\\Container\\BoundMethod::Illuminate\\Container\\{closure}()
#6 /u01/nix-life-os/backend/vendor/laravel/framework/src/Illuminate/Container/BoundMethod.php(96): Illuminate\\Container\\Util::unwrapIfClosure()
#7 /u01/nix-life-os/backend/vendor/laravel/framework/src/Illuminate/Container/BoundMethod.php(35): Illuminate\\Container\\BoundMethod::callBoundMethod()
#8 /u01/nix-life-os/backend/vendor/laravel/framework/src/Illuminate/Container/Container.php(799): Illuminate\\Container\\BoundMethod::call()
#9 /u01/nix-life-os/backend/vendor/laravel/framework/src/Illuminate/Console/Command.php(280): Illuminate\\Container\\Container->call()
#10 /u01/nix-life-os/backend/vendor/symfony/console/Command/Command.php(341): Illuminate\\Console\\Command->execute()
#11 /u01/nix-life-os/backend/vendor/laravel/framework/src/Illuminate/Console/Command.php(249): Symfony\\Component\\Console\\Command\\Command->run()
#12 /u01/nix-life-os/backend/vendor/symfony/console/Application.php(1117): Illuminate\\Console\\Command->run()
#13 /u01/nix-life-os/backend/vendor/symfony/console/Application.php(356): Symfony\\Component\\Console\\Application->doRunCommand()
#14 /u01/nix-life-os/backend/vendor/symfony/console/Application.php(195): Symfony\\Component\\Console\\Application->doRun()
#15 /u01/nix-life-os/backend/vendor/laravel/framework/src/Illuminate/Foundation/Console/Kernel.php(198): Symfony\\Component\\Console\\Application->run()
#16 /u01/nix-life-os/backend/vendor/laravel/framework/src/Illuminate/Foundation/Application.php(1235): Illuminate\\Foundation\\Console\\Kernel->handle()
#17 /u01/nix-life-os/backend/artisan(16): Illuminate\\Foundation\\Application->handleCommand()
#18 {main}
"} 
[2026-05-17 00:17:02] production.ERROR: Error logging failed {"message":"SQLSTATE[08006] [7] connection to server at \"127.0.0.1\", port 5445 failed: Connection refused
\tIs the server running on that host and accepting TCP/IP connections? (Connection: pgsql, Host: 127.0.0.1, Port: 5445, Database: nixlifeos_db, SQL: insert into \"error_logs\" (\"user_id\", \"level\", \"module\", \"exception_class\", \"message\", \"file\", \"line\", \"request_method\", \"request_url\", \"request_payload\", \"trace\", \"metadata\", \"ip_address\", \"user_agent\", \"id\") values (?, error, global_exception_handler, Illuminate\\Database\\QueryException, SQLSTATE[08006] [7] connection to server at \"127.0.0.1\", port 5445 failed: Connection refused
\tIs the server running on that host and accepting TCP/IP connections? (Connection: pgsql, Host: 127.0.0.1, Port: 5445, Database: nixlifeos_db, SQL: select exists (select 1 from pg_class c, pg_namespace n where n.nspname = current_schema() and c.relname = 'health_medication_dose_logs' and c.relkind in ('r', 'p') and n.oid = c.relnamespace)), /u01/nix-life-os/backend/vendor/laravel/framework/src/Illuminate/Database/Connection.php, 841, GET, http://localhost, [], #0 /u01/nix-life-os/backend/vendor/laravel/framework/src/Illuminate/Database/Connection.php(797): Illuminate\\Database\\Connection->runQueryCallback()
#1 /u01/nix-life-os/backend/vendor/laravel/framework/src/Illuminate/Database/Connection.php(412): Illuminate\\Database\\Connection->run()
#2 /u01/nix-life-os/backend/vendor/laravel/framework/src/Illuminate/Database/Connection.php(357): Illuminate\\Database\\Connection->select()
#3 /u01/nix-life-os/backend/vendor/laravel/framework/src/Illuminate/Database/Connection.php(374): Illuminate\\Database\\Connection->selectOne()
#4 /u01/nix-life-os/backend/vendor/laravel/framework/src/Illuminate/Database/Schema/Builder.php(176): Illuminate\\Database\\Connection->scalar()
#5 /u01/nix-life-os/backend/vendor/laravel/framework/src/Illuminate/Support/Facades/Facade.php(363): Illuminate\\Database\\Schema\\Builder->hasTable()
#6 /u01/nix-life-os/backend/app/Console/Commands/SendMedicationReminderNotifications.php(18): Illuminate\\Support\\Facades\\Facade::__callStatic()
#7 /u01/nix-life-os/backend/vendor/laravel/framework/src/Illuminate/Container/BoundMethod.php(36): App\\Console\\Commands\\SendMedicationReminderNotifications->handle()
#8 /u01/nix-life-os/backend/vendor/laravel/framework/src/Illuminate/Container/Util.php(43): Illuminate\\Container\\BoundMethod::Illuminate\\Container\\{closure}()
#9 /u01/nix-life-os/backend/vendor/laravel/framework/src/Illuminate/Container/BoundMethod.php(96): Illuminate\\Container\\Util::unwrapIfClosure()
#10 /u01/nix-life-os/backend/vendor/laravel/framework/src/Illuminate/Container/BoundMethod.php(35): Illuminate\\Container\\BoundMethod::callBoundMethod()
#11 /u01/nix-life-os/backend/vendor/laravel/framework/src/Illuminate/Container/Container.php(799): Illuminate\\Container\\BoundMethod::call()
#12 /u01/nix-life-os/backend/vendor/laravel/framework/src/Illuminate/Console/Command.php(280): Illuminate\\Container\\Container->call()
#13 /u01/nix-life-os/backend/vendor/symfony/console/Command/Command.php(341): Illuminate\\Console\\Command->execute()
#14 /u01/nix-life-os/backend/vendor/laravel/framework/src/Illuminate/Console/Command.php(249): Symfony\\Component\\Console\\Command\\Command->run()
#15 /u01/nix-life-os/backend/vendor/symfony/console/Application.php(1117): Illuminate\\Console\\Command->run()
#16 /u01/nix-life-os/backend/vendor/symfony/console/Application.php(356): Symfony\\Component\\Console\\Application->doRunCommand()
#17 /u01/nix-life-os/backend/vendor/symfony/console/Application.php(195): Symfony\\Component\\Console\\Application->doRun()
#18 /u01/nix-life-os/backend/vendor/laravel/framework/src/Illuminate/Foundation/Console/Kernel.php(198): Symfony\\Component\\Console\\Application->run()
#19 /u01/nix-life-os/backend/vendor/laravel/framework/src/Illuminate/Foundation/Application.php(1235): Illuminate\\Foundation\\Console\\Kernel->handle()
#20 /u01/nix-life-os/backend/artisan(16): Illuminate\\Foundation\\Application->handleCommand()
#21 {main}, ?, 127.0.0.1, Symfony, 019e334b-229a-7322-8a61-fd776df8c65c))"} 
[2026-05-17 00:17:02] production.ERROR: SQLSTATE[08006] [7] connection to server at "127.0.0.1", port 5445 failed: Connection refused
	Is the server running on that host and accepting TCP/IP connections? (Connection: pgsql, Host: 127.0.0.1, Port: 5445, Database: nixlifeos_db, SQL: select exists (select 1 from pg_class c, pg_namespace n where n.nspname = current_schema() and c.relname = 'health_medication_dose_logs' and c.relkind in ('r', 'p') and n.oid = c.relnamespace)) {"exception":"[object] (Illuminate\\Database\\QueryException(code: 7): SQLSTATE[08006] [7] connection to server at \"127.0.0.1\", port 5445 failed: Connection refused
\tIs the server running on that host and accepting TCP/IP connections? (Connection: pgsql, Host: 127.0.0.1, Port: 5445, Database: nixlifeos_db, SQL: select exists (select 1 from pg_class c, pg_namespace n where n.nspname = current_schema() and c.relname = 'health_medication_dose_logs' and c.relkind in ('r', 'p') and n.oid = c.relnamespace)) at /u01/nix-life-os/backend/vendor/laravel/framework/src/Illuminate/Database/Connection.php:841)
[stacktrace]
#0 /u01/nix-life-os/backend/vendor/laravel/framework/src/Illuminate/Database/Connection.php(797): Illuminate\\Database\\Connection->runQueryCallback()
#1 /u01/nix-life-os/backend/vendor/laravel/framework/src/Illuminate/Database/Connection.php(412): Illuminate\\Database\\Connection->run()
#2 /u01/nix-life-os/backend/vendor/laravel/framework/src/Illuminate/Database/Connection.php(357): Illuminate\\Database\\Connection->select()
#3 /u01/nix-life-os/backend/vendor/laravel/framework/src/Illuminate/Database/Connection.php(374): Illuminate\\Database\\Connection->selectOne()
#4 /u01/nix-life-os/backend/vendor/laravel/framework/src/Illuminate/Database/Schema/Builder.php(176): Illuminate\\Database\\Connection->scalar()
#5 /u01/nix-life-os/backend/vendor/laravel/framework/src/Illuminate/Support/Facades/Facade.php(363): Illuminate\\Database\\Schema\\Builder->hasTable()
#6 /u01/nix-life-os/backend/app/Console/Commands/SendMedicationReminderNotifications.php(18): Illuminate\\Support\\Facades\\Facade::__callStatic()
#7 /u01/nix-life-os/backend/vendor/laravel/framework/src/Illuminate/Container/BoundMethod.php(36): App\\Console\\Commands\\SendMedicationReminderNotifications->handle()
#8 /u01/nix-life-os/backend/vendor/laravel/framework/src/Illuminate/Container/Util.php(43): Illuminate\\Container\\BoundMethod::Illuminate\\Container\\{closure}()
#9 /u01/nix-life-os/backend/vendor/laravel/framework/src/Illuminate/Container/BoundMethod.php(96): Illuminate\\Container\\Util::unwrapIfClosure()
#10 /u01/nix-life-os/backend/vendor/laravel/framework/src/Illuminate/Container/BoundMethod.php(35): Illuminate\\Container\\BoundMethod::callBoundMethod()
#11 /u01/nix-life-os/backend/vendor/laravel/framework/src/Illuminate/Container/Container.php(799): Illuminate\\Container\\BoundMethod::call()
#12 /u01/nix-life-os/backend/vendor/laravel/framework/src/Illuminate/Console/Command.php(280): Illuminate\\Container\\Container->call()
#13 /u01/nix-life-os/backend/vendor/symfony/console/Command/Command.php(341): Illuminate\\Console\\Command->execute()
#14 /u01/nix-life-os/backend/vendor/laravel/framework/src/Illuminate/Console/Command.php(249): Symfony\\Component\\Console\\Command\\Command->run()
#15 /u01/nix-life-os/backend/vendor/symfony/console/Application.php(1117): Illuminate\\Console\\Command->run()
#16 /u01/nix-life-os/backend/vendor/symfony/console/Application.php(356): Symfony\\Component\\Console\\Application->doRunCommand()
#17 /u01/nix-life-os/backend/vendor/symfony/console/Application.php(195): Symfony\\Component\\Console\\Application->doRun()
#18 /u01/nix-life-os/backend/vendor/laravel/framework/src/Illuminate/Foundation/Console/Kernel.php(198): Symfony\\Component\\Console\\Application->run()
#19 /u01/nix-life-os/backend/vendor/laravel/framework/src/Illuminate/Foundation/Application.php(1235): Illuminate\\Foundation\\Console\\Kernel->handle()
#20 /u01/nix-life-os/backend/artisan(16): Illuminate\\Foundation\\Application->handleCommand()
#21 {main}

[previous exception] [object] (PDOException(code: 7): SQLSTATE[08006] [7] connection to server at \"127.0.0.1\", port 5445 failed: Connection refused
\tIs the server running on that host and accepting TCP/IP connections? at /u01/nix-life-os/backend/vendor/laravel/framework/src/Illuminate/Database/Connectors/Connector.php:66)
[stacktrace]
#0 /u01/nix-life-os/backend/vendor/laravel/framework/src/Illuminate/Database/Connectors/Connector.php(66): PDO->__construct()
#1 /u01/nix-life-os/backend/vendor/laravel/framework/src/Illuminate/Database/Connectors/Connector.php(44): Illuminate\\Database\\Connectors\\Connector->createPdoConnection()
#2 /u01/nix-life-os/backend/vendor/laravel/framework/src/Illuminate/Database/Connectors/PostgresConnector.php(35): Illuminate\\Database\\Connectors\\Connector->createConnection()
#3 /u01/nix-life-os/backend/vendor/laravel/framework/src/Illuminate/Database/Connectors/ConnectionFactory.php(186): Illuminate\\Database\\Connectors\\PostgresConnector->connect()
#4 [internal function]: Illuminate\\Database\\Connectors\\ConnectionFactory->Illuminate\\Database\\Connectors\\{closure}()
#5 /u01/nix-life-os/backend/vendor/laravel/framework/src/Illuminate/Database/Connection.php(1279): call_user_func()
#6 /u01/nix-life-os/backend/vendor/laravel/framework/src/Illuminate/Database/Connection.php(1317): Illuminate\\Database\\Connection->getPdo()
#7 /u01/nix-life-os/backend/vendor/laravel/framework/src/Illuminate/Database/Connection.php(528): Illuminate\\Database\\Connection->getReadPdo()
#8 /u01/nix-life-os/backend/vendor/laravel/framework/src/Illuminate/Database/Connection.php(421): Illuminate\\Database\\Connection->getPdoForSelect()
#9 /u01/nix-life-os/backend/vendor/laravel/framework/src/Illuminate/Database/Connection.php(830): Illuminate\\Database\\Connection->Illuminate\\Database\\{closure}()
#10 /u01/nix-life-os/backend/vendor/laravel/framework/src/Illuminate/Database/Connection.php(797): Illuminate\\Database\\Connection->runQueryCallback()
#11 /u01/nix-life-os/backend/vendor/laravel/framework/src/Illuminate/Database/Connection.php(412): Illuminate\\Database\\Connection->run()
#12 /u01/nix-life-os/backend/vendor/laravel/framework/src/Illuminate/Database/Connection.php(357): Illuminate\\Database\\Connection->select()
#13 /u01/nix-life-os/backend/vendor/laravel/framework/src/Illuminate/Database/Connection.php(374): Illuminate\\Database\\Connection->selectOne()
#14 /u01/nix-life-os/backend/vendor/laravel/framework/src/Illuminate/Database/Schema/Builder.php(176): Illuminate\\Database\\Connection->scalar()
#15 /u01/nix-life-os/backend/vendor/laravel/framework/src/Illuminate/Support/Facades/Facade.php(363): Illuminate\\Database\\Schema\\Builder->hasTable()
#16 /u01/nix-life-os/backend/app/Console/Commands/SendMedicationReminderNotifications.php(18): Illuminate\\Support\\Facades\\Facade::__callStatic()
#17 /u01/nix-life-os/backend/vendor/laravel/framework/src/Illuminate/Container/BoundMethod.php(36): App\\Console\\Commands\\SendMedicationReminderNotifications->handle()
#18 /u01/nix-life-os/backend/vendor/laravel/framework/src/Illuminate/Container/Util.php(43): Illuminate\\Container\\BoundMethod::Illuminate\\Container\\{closure}()
#19 /u01/nix-life-os/backend/vendor/laravel/framework/src/Illuminate/Container/BoundMethod.php(96): Illuminate\\Container\\Util::unwrapIfClosure()
#20 /u01/nix-life-os/backend/vendor/laravel/framework/src/Illuminate/Container/BoundMethod.php(35): Illuminate\\Container\\BoundMethod::callBoundMethod()
#21 /u01/nix-life-os/backend/vendor/laravel/framework/src/Illuminate/Container/Container.php(799): Illuminate\\Container\\BoundMethod::call()
#22 /u01/nix-life-os/backend/vendor/laravel/framework/src/Illuminate/Console/Command.php(280): Illuminate\\Container\\Container->call()
#23 /u01/nix-life-os/backend/vendor/symfony/console/Command/Command.php(341): Illuminate\\Console\\Command->execute()
#24 /u01/nix-life-os/backend/vendor/laravel/framework/src/Illuminate/Console/Command.php(249): Symfony\\Component\\Console\\Command\\Command->run()
#25 /u01/nix-life-os/backend/vendor/symfony/console/Application.php(1117): Illuminate\\Console\\Command->run()
#26 /u01/nix-life-os/backend/vendor/symfony/console/Application.php(356): Symfony\\Component\\Console\\Application->doRunCommand()
#27 /u01/nix-life-os/backend/vendor/symfony/console/Application.php(195): Symfony\\Component\\Console\\Application->doRun()
#28 /u01/nix-life-os/backend/vendor/laravel/framework/src/Illuminate/Foundation/Console/Kernel.php(198): Symfony\\Component\\Console\\Application->run()
#29 /u01/nix-life-os/backend/vendor/laravel/framework/src/Illuminate/Foundation/Application.php(1235): Illuminate\\Foundation\\Console\\Kernel->handle()
#30 /u01/nix-life-os/backend/artisan(16): Illuminate\\Foundation\\Application->handleCommand()
#31 {main}
"} 
[2026-05-17 00:17:02] production.ERROR: Error logging failed {"message":"SQLSTATE[08006] [7] connection to server at \"127.0.0.1\", port 5445 failed: Connection refused
\tIs the server running on that host and accepting TCP/IP connections? (Connection: pgsql, Host: 127.0.0.1, Port: 5445, Database: nixlifeos_db, SQL: insert into \"error_logs\" (\"user_id\", \"level\", \"module\", \"exception_class\", \"message\", \"file\", \"line\", \"request_method\", \"request_url\", \"request_payload\", \"trace\", \"metadata\", \"ip_address\", \"user_agent\", \"id\") values (?, error, global_exception_handler, Exception, Scheduled command ['/usr/bin/php8.3' 'artisan' medications:send-reminders] failed with exit code [1]., /u01/nix-life-os/backend/vendor/laravel/framework/src/Illuminate/Console/Scheduling/ScheduleRunCommand.php, 215, GET, http://localhost, [], #0 /u01/nix-life-os/backend/vendor/laravel/framework/src/Illuminate/Console/View/Components/Task.php(43): Illuminate\\Console\\Scheduling\\ScheduleRunCommand->Illuminate\\Console\\Scheduling\\{closure}()
#1 /u01/nix-life-os/backend/vendor/laravel/framework/src/Illuminate/Console/View/Components/Factory.php(59): Illuminate\\Console\\View\\Components\\Task->render()
#2 /u01/nix-life-os/backend/vendor/laravel/framework/src/Illuminate/Console/Scheduling/ScheduleRunCommand.php(199): Illuminate\\Console\\View\\Components\\Factory->__call()
#3 /u01/nix-life-os/backend/vendor/laravel/framework/src/Illuminate/Console/Scheduling/ScheduleRunCommand.php(142): Illuminate\\Console\\Scheduling\\ScheduleRunCommand->runEvent()
#4 /u01/nix-life-os/backend/vendor/laravel/framework/src/Illuminate/Container/BoundMethod.php(36): Illuminate\\Console\\Scheduling\\ScheduleRunCommand->handle()
#5 /u01/nix-life-os/backend/vendor/laravel/framework/src/Illuminate/Container/Util.php(43): Illuminate\\Container\\BoundMethod::Illuminate\\Container\\{closure}()
#6 /u01/nix-life-os/backend/vendor/laravel/framework/src/Illuminate/Container/BoundMethod.php(96): Illuminate\\Container\\Util::unwrapIfClosure()
#7 /u01/nix-life-os/backend/vendor/laravel/framework/src/Illuminate/Container/BoundMethod.php(35): Illuminate\\Container\\BoundMethod::callBoundMethod()
#8 /u01/nix-life-os/backend/vendor/laravel/framework/src/Illuminate/Container/Container.php(799): Illuminate\\Container\\BoundMethod::call()
#9 /u01/nix-life-os/backend/vendor/laravel/framework/src/Illuminate/Console/Command.php(280): Illuminate\\Container\\Container->call()
#10 /u01/nix-life-os/backend/vendor/symfony/console/Command/Command.php(341): Illuminate\\Console\\Command->execute()
#11 /u01/nix-life-os/backend/vendor/laravel/framework/src/Illuminate/Console/Command.php(249): Symfony\\Component\\Console\\Command\\Command->run()
#12 /u01/nix-life-os/backend/vendor/symfony/console/Application.php(1117): Illuminate\\Console\\Command->run()
#13 /u01/nix-life-os/backend/vendor/symfony/console/Application.php(356): Symfony\\Component\\Console\\Application->doRunCommand()
#14 /u01/nix-life-os/backend/vendor/symfony/console/Application.php(195): Symfony\\Component\\Console\\Application->doRun()
#15 /u01/nix-life-os/backend/vendor/laravel/framework/src/Illuminate/Foundation/Console/Kernel.php(198): Symfony\\Component\\Console\\Application->run()
#16 /u01/nix-life-os/backend/vendor/laravel/framework/src/Illuminate/Foundation/Application.php(1235): Illuminate\\Foundation\\Console\\Kernel->handle()
#17 /u01/nix-life-os/backend/artisan(16): Illuminate\\Foundation\\Application->handleCommand()
#18 {main}, ?, 127.0.0.1, Symfony, 019e334b-22b0-72af-8ad3-60281c455025))"} 
[2026-05-17 00:17:02] production.ERROR: Scheduled command ['/usr/bin/php8.3' 'artisan' medications:send-reminders] failed with exit code [1]. {"exception":"[object] (Exception(code: 0): Scheduled command ['/usr/bin/php8.3' 'artisan' medications:send-reminders] failed with exit code [1]. at /u01/nix-life-os/backend/vendor/laravel/framework/src/Illuminate/Console/Scheduling/ScheduleRunCommand.php:215)
[stacktrace]
#0 /u01/nix-life-os/backend/vendor/laravel/framework/src/Illuminate/Console/View/Components/Task.php(43): Illuminate\\Console\\Scheduling\\ScheduleRunCommand->Illuminate\\Console\\Scheduling\\{closure}()
#1 /u01/nix-life-os/backend/vendor/laravel/framework/src/Illuminate/Console/View/Components/Factory.php(59): Illuminate\\Console\\View\\Components\\Task->render()
#2 /u01/nix-life-os/backend/vendor/laravel/framework/src/Illuminate/Console/Scheduling/ScheduleRunCommand.php(199): Illuminate\\Console\\View\\Components\\Factory->__call()
#3 /u01/nix-life-os/backend/vendor/laravel/framework/src/Illuminate/Console/Scheduling/ScheduleRunCommand.php(142): Illuminate\\Console\\Scheduling\\ScheduleRunCommand->runEvent()
#4 /u01/nix-life-os/backend/vendor/laravel/framework/src/Illuminate/Container/BoundMethod.php(36): Illuminate\\Console\\Scheduling\\ScheduleRunCommand->handle()
#5 /u01/nix-life-os/backend/vendor/laravel/framework/src/Illuminate/Container/Util.php(43): Illuminate\\Container\\BoundMethod::Illuminate\\Container\\{closure}()
#6 /u01/nix-life-os/backend/vendor/laravel/framework/src/Illuminate/Container/BoundMethod.php(96): Illuminate\\Container\\Util::unwrapIfClosure()
#7 /u01/nix-life-os/backend/vendor/laravel/framework/src/Illuminate/Container/BoundMethod.php(35): Illuminate\\Container\\BoundMethod::callBoundMethod()
#8 /u01/nix-life-os/backend/vendor/laravel/framework/src/Illuminate/Container/Container.php(799): Illuminate\\Container\\BoundMethod::call()
#9 /u01/nix-life-os/backend/vendor/laravel/framework/src/Illuminate/Console/Command.php(280): Illuminate\\Container\\Container->call()
#10 /u01/nix-life-os/backend/vendor/symfony/console/Command/Command.php(341): Illuminate\\Console\\Command->execute()
#11 /u01/nix-life-os/backend/vendor/laravel/framework/src/Illuminate/Console/Command.php(249): Symfony\\Component\\Console\\Command\\Command->run()
#12 /u01/nix-life-os/backend/vendor/symfony/console/Application.php(1117): Illuminate\\Console\\Command->run()
#13 /u01/nix-life-os/backend/vendor/symfony/console/Application.php(356): Symfony\\Component\\Console\\Application->doRunCommand()
#14 /u01/nix-life-os/backend/vendor/symfony/console/Application.php(195): Symfony\\Component\\Console\\Application->doRun()
#15 /u01/nix-life-os/backend/vendor/laravel/framework/src/Illuminate/Foundation/Console/Kernel.php(198): Symfony\\Component\\Console\\Application->run()
#16 /u01/nix-life-os/backend/vendor/laravel/framework/src/Illuminate/Foundation/Application.php(1235): Illuminate\\Foundation\\Console\\Kernel->handle()
#17 /u01/nix-life-os/backend/artisan(16): Illuminate\\Foundation\\Application->handleCommand()
#18 {main}
"} 
